▶ SchoolOS Date Utility Contracts
  ✔ implements the shared date utility in the correct location (0.3055ms)
  ✔ handles timezone Asia/Kathmandu for display (0.099625ms)
  ✔ contains the Bikram Sambat calendar data table (0.385417ms)
  ✔ integrates shared date utilities into the dashboard page (0.212292ms)
✔ SchoolOS Date Utility Contracts (1.353042ms)
▶ Typography Standardization Contract
  ✔ prohibits font-serif and arbitrary font-family classes (6.789959ms)
  ✔ restricts font-mono to technical identifiers and whitelisted contexts (4.533291ms)
  ✔ ensures next/font/google is only imported in globals.css or root layout (3.905916ms)
✔ Typography Standardization Contract (15.597958ms)
▶ Phase 3B Library frontend contracts
  ✔ adds the Library dashboard routes (0.264542ms)
  ✔ enables Library and implemented operations modules in the dashboard sidebar (0.204ms)
  ✔ adds Library API client methods for the Phase 3A backend endpoints (0.174583ms)
  ✔ builds Library UI sections with real API calls and production states (0.239667ms)
✔ Phase 3B Library frontend contracts (1.62575ms)
▶ Payroll Runs UI contracts
  ✔ renders Payroll Runs from the HR workspace instead of the preview-only tab (0.47025ms)
  ✔ uses only preview, create, approve, post, list, and approved salary-slip PDF helpers (0.668583ms)
  ✔ keeps Payroll Runs UI inside the Phase 2 posting boundary without disbursement or reversals (0.606334ms)
  ✔ keeps Payroll Runs permission-aware and avoids internal tenant or journal identifier leakage (0.45125ms)
✔ Payroll Runs UI contracts (2.655042ms)
▶ SchoolOS Settings Page Contracts
  ✔ renders a tabbed school management hub with all operational sections (0.74675ms)
  ✔ ensures each settings section has a visible card structure (0.137667ms)
  ✔ strictly separates school settings from platform settings (0.269208ms)
  ✔ maintains tenant scoping for all settings updates (0.138417ms)
✔ SchoolOS Settings Page Contracts (1.627334ms)
▶ SchoolOS web production contracts
  ✔ uses a real test command instead of the placeholder script (0.506708ms)
  ✔ defaults frontend API traffic to the Nest API on port 4000 (0.152ms)
  ✔ implements the shared UI primitives named by the UI/UX plan (0.669458ms)
  ✔ keeps Phase 1 and Phase 2 admin dashboard routes present (0.105542ms)
  ✔ exposes client helpers for canonical Phase 1 and Phase 2 workflows (0.684042ms)
  ✔ exposes Phase 2B homework and timetable workflow controls without fake production data (0.39575ms)
  ✔ keeps platform administration routes present and secure (0.200625ms)
  ✔ does not keep raw demo replacement IDs in production-facing forms (0.644417ms)
  ✔ centralizes browser session storage access in lib/session (9.949834ms)
  ✔ stores only metadata in browser session state (0.110291ms)
  ✔ parses API JSON error messages before surfacing them to forms (0.078125ms)
  ✔ uses cookie credentials instead of bearer tokens for browser API calls (0.131375ms)
  ✔ keeps Phase 1 pilot navigation permission-gated and prominent (0.126917ms)
  ✔ uses authenticated session metadata and real shell APIs in the header (0.080709ms)
  ✔ builds the admin dashboard from real Phase 1 APIs without fake KPI numbers (0.092667ms)
  ✔ keeps admin dashboard quick actions on existing Phase 1 routes (0.052917ms)
  ✔ handles dashboard setup and empty-data states explicitly (0.132042ms)
  ✔ keeps admissions enrollment as a multi-step pilot flow (0.057708ms)
  ✔ preserves admissions setup, duplicate warning, and create-anyway behavior (0.084459ms)
  ✔ keeps guardian phone validation hints and document review in admissions (0.064792ms)
  ✔ requires iEMIS disability confirmation in the admissions flow (0.086042ms)
  ✔ keeps admissions bulk import and success next actions available (0.082375ms)
  ✔ adds a student directory workspace without removing admissions flows (0.086958ms)
  ✔ keeps student profile and directory actions wired to real helpers (0.143334ms)
  ✔ adds the Phase 1B student detail route with tabbed profile sections (0.102417ms)
  ✔ adds student and guardian edit workflows to the student detail page (0.208042ms)
  ✔ adds lifecycle and transfer actions to the student detail page (0.181208ms)
  ✔ adds a dedicated student document manager without exposing storage internals (0.160167ms)
  ✔ validates PDF responses before opening blob tabs (0.093458ms)
  ✔ keeps attendance screen wired to real roster, submit, sync, analytics, and conflict APIs (0.08925ms)
  ✔ supports the full Phase 1 attendance exception status cycle (0.068291ms)
  ✔ blocks future attendance dates and keeps teacher summary labels visible (0.0875ms)
  ✔ keeps offline sync secondary and preserves analytics plus conflict review sections (0.116292ms)
  ✔ keeps finance screen wired to real Phase 1 finance APIs (0.117583ms)
  ✔ builds finance around the collection counter without fake IDs (0.154875ms)
  ✔ keeps cashier close day-end workflow wired to backend close endpoints (0.221417ms)
  ✔ surfaces backend student fee ledger on the student detail page (0.078125ms)
  ✔ blocks overpayment in the finance UI before submitting (0.154ms)
  ✔ keeps receipt success, discounts, waivers, and defaulter reminders available (0.155291ms)
  ✔ adds a fee collection export action to the finance screen (0.116ms)
  ✔ adds a defaulter aging export action to the finance screen (0.077125ms)
  ✔ keeps ledger preview preview-only without direct accounting calls (0.130208ms)
  ✔ labels the activity page as Activity Feed instead of Transport (0.045083ms)
  ✔ keeps activity screen wired to real M5 and M10 APIs (0.073083ms)
  ✔ keeps activity categories and upload limits explicit (0.062917ms)
  ✔ preserves feed preview, mood logs, milestones, and delivery records (0.079583ms)
  ✔ does not implement AI captions or permanent public media URLs in activity feed (0.144833ms)
  ✔ keeps notices screen wired to real M10 APIs (0.0585ms)
  ✔ keeps communications sections and notice audience controls available (0.07175ms)
  ✔ preserves events, delivery records, and consent management behavior (0.098833ms)
  ✔ removes default emergency sample copy from communications (0.091125ms)
  ✔ provides a dedicated HR & Payroll workspace with contract and leave management (0.305667ms)
✔ SchoolOS web production contracts (18.771792ms)
ℹ tests 71
ℹ suites 6
ℹ pass 71
ℹ fail 0
ℹ cancelled 0
ℹ skipped 0
ℹ todo 0
ℹ duration_ms 59.276209
