apps/api/src/academics/academics.controller.ts(302,25): error TS1016: A required parameter cannot follow an optional parameter.
apps/api/src/academics/academics.service.spec.ts(1,10): error TS2305: Module '"./academics.service"' has no exported member 'calculateMoestGrade'.
apps/api/src/academics/academics.service.spec.ts(1,31): error TS2305: Module '"./academics.service"' has no exported member 'getPromotionStatus'.
apps/api/src/attendance/attendance.service.spec.ts(925,14): error TS2554: Expected 5 arguments, but got 4.
apps/api/src/communications/m10-hardening.service.ts(204,9): error TS2345: Argument of type 'DeliveryRetryResult' is not assignable to parameter of type 'never'.
apps/api/src/finance/finance.service.spec.ts(245,19): error TS2339: Property 'receiptNumber' does not exist on type '({ receipt: { tenantId: string; fiscalYear: string | null; id: string; metadata: JsonValue; vatAmount: Decimal; issuedAt: Date; paymentId: string; receiptNumber: string; schoolPan: string | null; pdfUrl: string | null; } | null; } & { ...; }) | { ...; }'.
  Property 'receiptNumber' does not exist on type '{ receipt: { tenantId: string; fiscalYear: string | null; id: string; metadata: JsonValue; vatAmount: Decimal; issuedAt: Date; paymentId: string; receiptNumber: string; schoolPan: string | null; pdfUrl: string | null; } | null; } & { ...; }'.
apps/api/src/homework/homework-attachment-access.service.ts(31,9): error TS2353: Object literal may only specify known properties, and 'assignment' does not exist in type 'HomeworkAttachmentInclude<DefaultArgs>'.
apps/api/src/homework/homework-attachment-access.service.ts(39,35): error TS2551: Property 'submission' does not exist on type '{ tenantId: string; id: string; createdAt: Date; fileAssetId: string; submissionId: string; }'. Did you mean 'submissionId'?
apps/api/src/homework/homework-attachment-access.service.ts(39,72): error TS2339: Property 'assignmentId' does not exist on type '{ tenantId: string; id: string; createdAt: Date; fileAssetId: string; submissionId: string; }'.
apps/api/src/homework/homework-attachment-access.service.ts(45,62): error TS2345: Argument of type '{ tenantId: string; id: string; createdAt: Date; fileAssetId: string; submissionId: string; }' is not assignable to parameter of type '{ submissionId: string | null; assignmentId: string | null; submission?: { studentId: string; homework: { id: string; classId: string; sectionId: string | null; }; } | null | undefined; assignment?: { ...; } | ... 1 more ... | undefined; }'.
  Property 'assignmentId' is missing in type '{ tenantId: string; id: string; createdAt: Date; fileAssetId: string; submissionId: string; }' but required in type '{ submissionId: string | null; assignmentId: string | null; submission?: { studentId: string; homework: { id: string; classId: string; sectionId: string | null; }; } | null | undefined; assignment?: { ...; } | ... 1 more ... | undefined; }'.
apps/api/src/homework/homework-attachment-access.service.ts(47,21): error TS2551: Property 'fileAsset' does not exist on type '{ tenantId: string; id: string; createdAt: Date; fileAssetId: string; submissionId: string; }'. Did you mean 'fileAssetId'?
apps/api/src/homework/homework-attachment-access.service.ts(47,45): error TS2551: Property 'fileAsset' does not exist on type '{ tenantId: string; id: string; createdAt: Date; fileAssetId: string; submissionId: string; }'. Did you mean 'fileAssetId'?
apps/api/src/homework/homework-attachment-access.service.ts(51,20): error TS2551: Property 'fileAsset' does not exist on type '{ tenantId: string; id: string; createdAt: Date; fileAssetId: string; submissionId: string; }'. Did you mean 'fileAssetId'?
apps/api/src/homework/homework-attachment-access.service.ts(55,20): error TS2551: Property 'fileAsset' does not exist on type '{ tenantId: string; id: string; createdAt: Date; fileAssetId: string; submissionId: string; }'. Did you mean 'fileAssetId'?
apps/api/src/homework/homework-attachment-access.service.ts(60,18): error TS2551: Property 'fileAsset' does not exist on type '{ tenantId: string; id: string; createdAt: Date; fileAssetId: string; submissionId: string; }'. Did you mean 'fileAssetId'?
apps/api/src/homework/homework-attachment-access.service.ts(61,18): error TS2551: Property 'fileAsset' does not exist on type '{ tenantId: string; id: string; createdAt: Date; fileAssetId: string; submissionId: string; }'. Did you mean 'fileAssetId'?
apps/api/src/homework/homework-attachment-access.service.ts(67,18): error TS2551: Property 'fileAsset' does not exist on type '{ tenantId: string; id: string; createdAt: Date; fileAssetId: string; submissionId: string; }'. Did you mean 'fileAssetId'?
apps/api/src/homework/homework-attachment-access.service.ts(69,18): error TS2551: Property 'fileAsset' does not exist on type '{ tenantId: string; id: string; createdAt: Date; fileAssetId: string; submissionId: string; }'. Did you mean 'fileAssetId'?
apps/api/src/homework/homework-attachment-access.service.ts(87,32): error TS2339: Property 'assignmentId' does not exist on type '{ tenantId: string; id: string; createdAt: Date; fileAssetId: string; submissionId: string; }'.
apps/api/src/homework/homework-attachment-access.service.ts(89,28): error TS2551: Property 'fileAsset' does not exist on type '{ tenantId: string; id: string; createdAt: Date; fileAssetId: string; submissionId: string; }'. Did you mean 'fileAssetId'?
apps/api/src/homework/homework-attachment-access.service.ts(90,28): error TS2551: Property 'fileAsset' does not exist on type '{ tenantId: string; id: string; createdAt: Date; fileAssetId: string; submissionId: string; }'. Did you mean 'fileAssetId'?
apps/api/src/homework/homework-attachment-access.service.ts(91,36): error TS2551: Property 'fileAsset' does not exist on type '{ tenantId: string; id: string; createdAt: Date; fileAssetId: string; submissionId: string; }'. Did you mean 'fileAssetId'?
apps/api/src/library/library-hardening.service.ts(74,28): error TS2339: Property 'length' does not exist on type '{ items: ({ copy: { book: { id: string; tenantId: string; title: string; author: string; isbn: string | null; publisher: string | null; publishedYear: number | null; subjectCategory: string | null; classLevel: string | null; purchasePrice: Decimal | null; createdAt: Date; updatedAt: Date; }; } & { ...; }; borrowerSt...'.
apps/api/test/academics-hardening.e2e-spec.ts(60,26): error TS2339: Property 'enterMark' does not exist on type 'AcademicsService'.
apps/api/test/academics-hardening.e2e-spec.ts(88,26): error TS2339: Property 'enterMark' does not exist on type 'AcademicsService'.
apps/api/test/academics-hardening.e2e-spec.ts(116,26): error TS2339: Property 'enterMark' does not exist on type 'AcademicsService'.
apps/api/test/academics-hardening.e2e-spec.ts(149,30): error TS2339: Property 'enterMark' does not exist on type 'AcademicsService'.
apps/api/test/academics-hardening.e2e-spec.ts(189,26): error TS2339: Property 'enterMark' does not exist on type 'AcademicsService'.
apps/api/test/finance-m9-consistency.e2e-spec.ts(148,21): error TS2339: Property 'id' does not exist on type '({ receipt: { id: string; tenantId: string; fiscalYear: string | null; issuedAt: Date; metadata: JsonValue; vatAmount: Decimal; paymentId: string; pdfUrl: string | null; receiptNumber: string; schoolPan: string | null; } | null; } & { ...; }) | { ...; }'.
  Property 'id' does not exist on type '{ paymentId: string; invoiceId: string; amount: number; method: PaymentMethod; paidAt: Date; receiptNumber: string | null; receiptPdfUrl: string | null; }'.
apps/api/test/students-lifecycle-hardening.e2e-spec.ts(124,9): error TS2353: Object literal may only specify known properties, and 'outstandingAmount' does not exist in type 'Without<InvoiceCreateInput, InvoiceUncheckedCreateInput> & InvoiceUncheckedCreateInput'.
